Archive member included because of file (symbol)

d:/imt_avr_records/00-tools/05-toolchains/sdk_win_64/winavr/bin/../lib/gcc/avr/4.3.3/avr5\libgcc.a(_divmodhi4.o)
                              ./HAL/LCD/LCD_Program.o (__divmodhi4)
d:/imt_avr_records/00-tools/05-toolchains/sdk_win_64/winavr/bin/../lib/gcc/avr/4.3.3/avr5\libgcc.a(_exit.o)
                              d:/imt_avr_records/00-tools/05-toolchains/sdk_win_64/winavr/bin/../lib/gcc/avr/4.3.3/../../../../avr/lib/avr5/crtm32.o (exit)
d:/imt_avr_records/00-tools/05-toolchains/sdk_win_64/winavr/bin/../lib/gcc/avr/4.3.3/avr5\libgcc.a(_copy_data.o)
                              ./MCAL/Switch_Driver/Switch_Config.o (__do_copy_data)
d:/imt_avr_records/00-tools/05-toolchains/sdk_win_64/winavr/bin/../lib/gcc/avr/4.3.3/avr5\libgcc.a(_clear_bss.o)
                              ./MCAL/Timer/Timer_Program.o (__do_clear_bss)
d:/imt_avr_records/00-tools/05-toolchains/sdk_win_64/winavr/bin/../lib/gcc/avr/4.3.3/avr5\libgcc.a(_fixunssfsi.o)
                              ./HAL/LCD/LCD_Program.o (__fixunssfsi)
d:/imt_avr_records/00-tools/05-toolchains/sdk_win_64/winavr/bin/../lib/gcc/avr/4.3.3/avr5\libgcc.a(_addsub_sf.o)
                              ./HAL/LCD/LCD_Program.o (__subsf3)
d:/imt_avr_records/00-tools/05-toolchains/sdk_win_64/winavr/bin/../lib/gcc/avr/4.3.3/avr5\libgcc.a(_mul_sf.o)
                              ./HAL/LCD/LCD_Program.o (__mulsf3)
d:/imt_avr_records/00-tools/05-toolchains/sdk_win_64/winavr/bin/../lib/gcc/avr/4.3.3/avr5\libgcc.a(_gt_sf.o)
                              ./HAL/LCD/LCD_Program.o (__gtsf2)
d:/imt_avr_records/00-tools/05-toolchains/sdk_win_64/winavr/bin/../lib/gcc/avr/4.3.3/avr5\libgcc.a(_ge_sf.o)
                              d:/imt_avr_records/00-tools/05-toolchains/sdk_win_64/winavr/bin/../lib/gcc/avr/4.3.3/avr5\libgcc.a(_fixunssfsi.o) (__gesf2)
d:/imt_avr_records/00-tools/05-toolchains/sdk_win_64/winavr/bin/../lib/gcc/avr/4.3.3/avr5\libgcc.a(_lt_sf.o)
                              ./HAL/LCD/LCD_Program.o (__ltsf2)
d:/imt_avr_records/00-tools/05-toolchains/sdk_win_64/winavr/bin/../lib/gcc/avr/4.3.3/avr5\libgcc.a(_si_to_sf.o)
                              ./HAL/LCD/LCD_Program.o (__floatsisf)
d:/imt_avr_records/00-tools/05-toolchains/sdk_win_64/winavr/bin/../lib/gcc/avr/4.3.3/avr5\libgcc.a(_sf_to_si.o)
                              ./HAL/LCD/LCD_Program.o (__fixsfsi)
d:/imt_avr_records/00-tools/05-toolchains/sdk_win_64/winavr/bin/../lib/gcc/avr/4.3.3/avr5\libgcc.a(_thenan_sf.o)
                              d:/imt_avr_records/00-tools/05-toolchains/sdk_win_64/winavr/bin/../lib/gcc/avr/4.3.3/avr5\libgcc.a(_addsub_sf.o) (__thenan_sf)
d:/imt_avr_records/00-tools/05-toolchains/sdk_win_64/winavr/bin/../lib/gcc/avr/4.3.3/avr5\libgcc.a(_udivmodhi4.o)
                              d:/imt_avr_records/00-tools/05-toolchains/sdk_win_64/winavr/bin/../lib/gcc/avr/4.3.3/avr5\libgcc.a(_divmodhi4.o) (__udivmodhi4)
d:/imt_avr_records/00-tools/05-toolchains/sdk_win_64/winavr/bin/../lib/gcc/avr/4.3.3/avr5\libgcc.a(_prologue.o)
                              d:/imt_avr_records/00-tools/05-toolchains/sdk_win_64/winavr/bin/../lib/gcc/avr/4.3.3/avr5\libgcc.a(_addsub_sf.o) (__prologue_saves__)
d:/imt_avr_records/00-tools/05-toolchains/sdk_win_64/winavr/bin/../lib/gcc/avr/4.3.3/avr5\libgcc.a(_epilogue.o)
                              d:/imt_avr_records/00-tools/05-toolchains/sdk_win_64/winavr/bin/../lib/gcc/avr/4.3.3/avr5\libgcc.a(_addsub_sf.o) (__epilogue_restores__)
d:/imt_avr_records/00-tools/05-toolchains/sdk_win_64/winavr/bin/../lib/gcc/avr/4.3.3/avr5\libgcc.a(_clzsi2.o)
                              d:/imt_avr_records/00-tools/05-toolchains/sdk_win_64/winavr/bin/../lib/gcc/avr/4.3.3/avr5\libgcc.a(_si_to_sf.o) (__clzsi2)
d:/imt_avr_records/00-tools/05-toolchains/sdk_win_64/winavr/bin/../lib/gcc/avr/4.3.3/avr5\libgcc.a(_pack_sf.o)
                              d:/imt_avr_records/00-tools/05-toolchains/sdk_win_64/winavr/bin/../lib/gcc/avr/4.3.3/avr5\libgcc.a(_addsub_sf.o) (__pack_f)
d:/imt_avr_records/00-tools/05-toolchains/sdk_win_64/winavr/bin/../lib/gcc/avr/4.3.3/avr5\libgcc.a(_unpack_sf.o)
                              d:/imt_avr_records/00-tools/05-toolchains/sdk_win_64/winavr/bin/../lib/gcc/avr/4.3.3/avr5\libgcc.a(_addsub_sf.o) (__unpack_f)
d:/imt_avr_records/00-tools/05-toolchains/sdk_win_64/winavr/bin/../lib/gcc/avr/4.3.3/avr5\libgcc.a(_fpcmp_parts_sf.o)
                              d:/imt_avr_records/00-tools/05-toolchains/sdk_win_64/winavr/bin/../lib/gcc/avr/4.3.3/avr5\libgcc.a(_gt_sf.o) (__fpcmp_parts_f)
d:/imt_avr_records/00-tools/05-toolchains/sdk_win_64/winavr/bin/../lib/gcc/avr/4.3.3/avr5\libgcc.a(_clz.o)
                              d:/imt_avr_records/00-tools/05-toolchains/sdk_win_64/winavr/bin/../lib/gcc/avr/4.3.3/avr5\libgcc.a(_clzsi2.o) (__clz_tab)
d:/imt_avr_records/00-tools/05-toolchains/sdk_win_64/winavr/bin/../lib/gcc/avr/4.3.3/../../../../avr/lib/avr5\libc.a(strlen.o)
                              ./HAL/LCD/LCD_Program.o (strlen)
d:/imt_avr_records/00-tools/05-toolchains/sdk_win_64/winavr/bin/../lib/gcc/avr/4.3.3/../../../../avr/lib/avr5\libc.a(sprintf.o)
                              ./HAL/LCD/LCD_Program.o (sprintf)
d:/imt_avr_records/00-tools/05-toolchains/sdk_win_64/winavr/bin/../lib/gcc/avr/4.3.3/../../../../avr/lib/avr5\libc.a(vfprintf_std.o)
                              d:/imt_avr_records/00-tools/05-toolchains/sdk_win_64/winavr/bin/../lib/gcc/avr/4.3.3/../../../../avr/lib/avr5\libc.a(sprintf.o) (vfprintf)
d:/imt_avr_records/00-tools/05-toolchains/sdk_win_64/winavr/bin/../lib/gcc/avr/4.3.3/../../../../avr/lib/avr5\libc.a(strnlen_P.o)
                              d:/imt_avr_records/00-tools/05-toolchains/sdk_win_64/winavr/bin/../lib/gcc/avr/4.3.3/../../../../avr/lib/avr5\libc.a(vfprintf_std.o) (strnlen_P)
d:/imt_avr_records/00-tools/05-toolchains/sdk_win_64/winavr/bin/../lib/gcc/avr/4.3.3/../../../../avr/lib/avr5\libc.a(strnlen.o)
                              d:/imt_avr_records/00-tools/05-toolchains/sdk_win_64/winavr/bin/../lib/gcc/avr/4.3.3/../../../../avr/lib/avr5\libc.a(vfprintf_std.o) (strnlen)
d:/imt_avr_records/00-tools/05-toolchains/sdk_win_64/winavr/bin/../lib/gcc/avr/4.3.3/../../../../avr/lib/avr5\libc.a(fputc.o)
                              d:/imt_avr_records/00-tools/05-toolchains/sdk_win_64/winavr/bin/../lib/gcc/avr/4.3.3/../../../../avr/lib/avr5\libc.a(vfprintf_std.o) (fputc)
d:/imt_avr_records/00-tools/05-toolchains/sdk_win_64/winavr/bin/../lib/gcc/avr/4.3.3/../../../../avr/lib/avr5\libc.a(ultoa_invert.o)
                              d:/imt_avr_records/00-tools/05-toolchains/sdk_win_64/winavr/bin/../lib/gcc/avr/4.3.3/../../../../avr/lib/avr5\libc.a(vfprintf_std.o) (__ultoa_invert)

Memory Configuration

Name             Origin             Length             Attributes
text             0x00000000         0x00020000         xr
data             0x00800060         0x0000ffa0         rw !x
eeprom           0x00810000         0x00010000         rw !x
fuse             0x00820000         0x00000400         rw !x
lock             0x00830000         0x00000400         rw !x
signature        0x00840000         0x00000400         rw !x
*default*        0x00000000         0xffffffff

Linker script and memory map

LOAD d:/imt_avr_records/00-tools/05-toolchains/sdk_win_64/winavr/bin/../lib/gcc/avr/4.3.3/../../../../avr/lib/avr5/crtm32.o
LOAD ./MCAL/WDT/WDT_Program.o
LOAD ./MCAL/Timer/Timer_Program.o
LOAD ./MCAL/Switch_Driver/Switch_Config.o
LOAD ./MCAL/Switch_Driver/Switch_Program.o
LOAD ./MCAL/LCD_DIO/Dio_Program.o
LOAD ./MCAL/Global_Interrupt/GI_Program.o
LOAD ./MCAL/EXTI/EXTI_Program.o
LOAD ./MCAL/DIO/DIO_Program.o
LOAD ./MCAL/ADC/ADC_Program.o
LOAD ./HAL/Stepper/Stepper_Program.o
LOAD ./HAL/Servo_Motor/Servo_Program.o
LOAD ./HAL/LCD/LCD_Program.o
LOAD ./HAL/KEYPAD/Keypad_Program.o
LOAD ./HAL/DC_MOTOR/DC_Motor_Program.o
LOAD ./HAL/7Segment/SevenSegment_Program.o
LOAD ./APP/main.o
LOAD d:/imt_avr_records/00-tools/05-toolchains/sdk_win_64/winavr/bin/../lib/gcc/avr/4.3.3/avr5\libgcc.a
LOAD d:/imt_avr_records/00-tools/05-toolchains/sdk_win_64/winavr/bin/../lib/gcc/avr/4.3.3/../../../../avr/lib/avr5\libc.a
LOAD d:/imt_avr_records/00-tools/05-toolchains/sdk_win_64/winavr/bin/../lib/gcc/avr/4.3.3/avr5\libgcc.a

.hash
 *(.hash)

.dynsym
 *(.dynsym)

.dynstr
 *(.dynstr)

.gnu.version
 *(.gnu.version)

.gnu.version_d
 *(.gnu.version_d)

.gnu.version_r
 *(.gnu.version_r)

.rel.init
 *(.rel.init)

.rela.init
 *(.rela.init)

.rel.text
 *(.rel.text)
 *(.rel.text.*)
 *(.rel.gnu.linkonce.t*)

.rela.text
 *(.rela.text)
 *(.rela.text.*)
 *(.rela.gnu.linkonce.t*)

.rel.fini
 *(.rel.fini)

.rela.fini
 *(.rela.fini)

.rel.rodata
 *(.rel.rodata)
 *(.rel.rodata.*)
 *(.rel.gnu.linkonce.r*)

.rela.rodata
 *(.rela.rodata)
 *(.rela.rodata.*)
 *(.rela.gnu.linkonce.r*)

.rel.data
 *(.rel.data)
 *(.rel.data.*)
 *(.rel.gnu.linkonce.d*)

.rela.data
 *(.rela.data)
 *(.rela.data.*)
 *(.rela.gnu.linkonce.d*)

.rel.ctors
 *(.rel.ctors)

.rela.ctors
 *(.rela.ctors)

.rel.dtors
 *(.rel.dtors)

.rela.dtors
 *(.rela.dtors)

.rel.got
 *(.rel.got)

.rela.got
 *(.rela.got)

.rel.bss
 *(.rel.bss)

.rela.bss
 *(.rela.bss)

.rel.plt
 *(.rel.plt)

.rela.plt
 *(.rela.plt)

.text           0x00000000     0x63e4
 *(.vectors)
 .vectors       0x00000000       0x54 d:/imt_avr_records/00-tools/05-toolchains/sdk_win_64/winavr/bin/../lib/gcc/avr/4.3.3/../../../../avr/lib/avr5/crtm32.o
                0x00000000                __vectors
                0x00000000                __vector_default
 *(.vectors)
 *(.progmem.gcc*)
 *(.progmem*)
                0x00000054                . = ALIGN (0x2)
                0x00000054                __trampolines_start = .
 *(.trampolines)
 .trampolines   0x00000054        0x0 linker stubs
 *(.trampolines*)
                0x00000054                __trampolines_end = .
 *(.jumptables)
 *(.jumptables*)
 *(.lowtext)
 *(.lowtext*)
                0x00000054                __ctors_start = .
 *(.ctors)
                0x00000054                __ctors_end = .
                0x00000054                __dtors_start = .
 *(.dtors)
                0x00000054                __dtors_end = .
 SORT(*)(.ctors)
 SORT(*)(.dtors)
 *(.init0)
 .init0         0x00000054        0x0 d:/imt_avr_records/00-tools/05-toolchains/sdk_win_64/winavr/bin/../lib/gcc/avr/4.3.3/../../../../avr/lib/avr5/crtm32.o
                0x00000054                __init
 *(.init0)
 *(.init1)
 *(.init1)
 *(.init2)
 .init2         0x00000054        0xc d:/imt_avr_records/00-tools/05-toolchains/sdk_win_64/winavr/bin/../lib/gcc/avr/4.3.3/../../../../avr/lib/avr5/crtm32.o
 *(.init2)
 *(.init3)
 *(.init3)
 *(.init4)
 .init4         0x00000060       0x16 d:/imt_avr_records/00-tools/05-toolchains/sdk_win_64/winavr/bin/../lib/gcc/avr/4.3.3/avr5\libgcc.a(_copy_data.o)
                0x00000060                __do_copy_data
 .init4         0x00000076       0x10 d:/imt_avr_records/00-tools/05-toolchains/sdk_win_64/winavr/bin/../lib/gcc/avr/4.3.3/avr5\libgcc.a(_clear_bss.o)
                0x00000076                __do_clear_bss
 *(.init4)
 *(.init5)
 *(.init5)
 *(.init6)
 *(.init6)
 *(.init7)
 *(.init7)
 *(.init8)
 *(.init8)
 *(.init9)
 .init9         0x00000086        0x8 d:/imt_avr_records/00-tools/05-toolchains/sdk_win_64/winavr/bin/../lib/gcc/avr/4.3.3/../../../../avr/lib/avr5/crtm32.o
 *(.init9)
 *(.text)
 .text          0x0000008e        0x4 d:/imt_avr_records/00-tools/05-toolchains/sdk_win_64/winavr/bin/../lib/gcc/avr/4.3.3/../../../../avr/lib/avr5/crtm32.o
                0x0000008e                __vector_12
                0x0000008e                __bad_interrupt
                0x0000008e                __vector_6
                0x0000008e                __vector_13
                0x0000008e                __vector_17
                0x0000008e                __vector_19
                0x0000008e                __vector_7
                0x0000008e                __vector_5
                0x0000008e                __vector_4
                0x0000008e                __vector_9
                0x0000008e                __vector_15
                0x0000008e                __vector_8
                0x0000008e                __vector_14
                0x0000008e                __vector_18
                0x0000008e                __vector_20
 .text          0x00000092        0x0 ./MCAL/WDT/WDT_Program.o
 .text          0x00000092        0x0 ./MCAL/Timer/Timer_Program.o
 .text          0x00000092        0x0 ./MCAL/Switch_Driver/Switch_Config.o
 .text          0x00000092        0x0 ./MCAL/Switch_Driver/Switch_Program.o
 .text          0x00000092        0x0 ./MCAL/LCD_DIO/Dio_Program.o
 .text          0x00000092        0x0 ./MCAL/Global_Interrupt/GI_Program.o
 .text          0x00000092        0x0 ./MCAL/EXTI/EXTI_Program.o
 .text          0x00000092        0x0 ./MCAL/DIO/DIO_Program.o
 .text          0x00000092        0x0 ./MCAL/ADC/ADC_Program.o
 .text          0x00000092        0x0 ./HAL/Stepper/Stepper_Program.o
 .text          0x00000092        0x0 ./HAL/Servo_Motor/Servo_Program.o
 .text          0x00000092        0x0 ./HAL/LCD/LCD_Program.o
 .text          0x00000092        0x0 ./HAL/KEYPAD/Keypad_Program.o
 .text          0x00000092        0x0 ./HAL/DC_MOTOR/DC_Motor_Program.o
 .text          0x00000092        0x0 ./HAL/7Segment/SevenSegment_Program.o
 .text          0x00000092        0x0 ./APP/main.o
 .text          0x00000092        0x0 d:/imt_avr_records/00-tools/05-toolchains/sdk_win_64/winavr/bin/../lib/gcc/avr/4.3.3/avr5\libgcc.a(_divmodhi4.o)
 .text          0x00000092        0x0 d:/imt_avr_records/00-tools/05-toolchains/sdk_win_64/winavr/bin/../lib/gcc/avr/4.3.3/avr5\libgcc.a(_exit.o)
 .text          0x00000092        0x0 d:/imt_avr_records/00-tools/05-toolchains/sdk_win_64/winavr/bin/../lib/gcc/avr/4.3.3/avr5\libgcc.a(_copy_data.o)
 .text          0x00000092        0x0 d:/imt_avr_records/00-tools/05-toolchains/sdk_win_64/winavr/bin/../lib/gcc/avr/4.3.3/avr5\libgcc.a(_clear_bss.o)
 .text          0x00000092       0x58 d:/imt_avr_records/00-tools/05-toolchains/sdk_win_64/winavr/bin/../lib/gcc/avr/4.3.3/avr5\libgcc.a(_fixunssfsi.o)
                0x00000092                __fixunssfsi
 .text          0x000000ea      0x354 d:/imt_avr_records/00-tools/05-toolchains/sdk_win_64/winavr/bin/../lib/gcc/avr/4.3.3/avr5\libgcc.a(_addsub_sf.o)
                0x00000382                __subsf3
                0x000003e4                __addsf3
 .text          0x0000043e      0x1f4 d:/imt_avr_records/00-tools/05-toolchains/sdk_win_64/winavr/bin/../lib/gcc/avr/4.3.3/avr5\libgcc.a(_mul_sf.o)
                0x0000043e                __mulsf3
 .text          0x00000632       0x60 d:/imt_avr_records/00-tools/05-toolchains/sdk_win_64/winavr/bin/../lib/gcc/avr/4.3.3/avr5\libgcc.a(_gt_sf.o)
                0x00000632                __gtsf2
 .text          0x00000692       0x60 d:/imt_avr_records/00-tools/05-toolchains/sdk_win_64/winavr/bin/../lib/gcc/avr/4.3.3/avr5\libgcc.a(_ge_sf.o)
                0x00000692                __gesf2
 .text          0x000006f2       0x60 d:/imt_avr_records/00-tools/05-toolchains/sdk_win_64/winavr/bin/../lib/gcc/avr/4.3.3/avr5\libgcc.a(_lt_sf.o)
                0x000006f2                __ltsf2
 .text          0x00000752       0xbc d:/imt_avr_records/00-tools/05-toolchains/sdk_win_64/winavr/bin/../lib/gcc/avr/4.3.3/avr5\libgcc.a(_si_to_sf.o)
                0x00000752                __floatsisf
 .text          0x0000080e       0xa8 d:/imt_avr_records/00-tools/05-toolchains/sdk_win_64/winavr/bin/../lib/gcc/avr/4.3.3/avr5\libgcc.a(_sf_to_si.o)
                0x0000080e                __fixsfsi
 .text          0x000008b6        0x0 d:/imt_avr_records/00-tools/05-toolchains/sdk_win_64/winavr/bin/../lib/gcc/avr/4.3.3/avr5\libgcc.a(_thenan_sf.o)
 .text          0x000008b6        0x0 d:/imt_avr_records/00-tools/05-toolchains/sdk_win_64/winavr/bin/../lib/gcc/avr/4.3.3/avr5\libgcc.a(_udivmodhi4.o)
 .text          0x000008b6        0x0 d:/imt_avr_records/00-tools/05-toolchains/sdk_win_64/winavr/bin/../lib/gcc/avr/4.3.3/avr5\libgcc.a(_prologue.o)
 .text          0x000008b6        0x0 d:/imt_avr_records/00-tools/05-toolchains/sdk_win_64/winavr/bin/../lib/gcc/avr/4.3.3/avr5\libgcc.a(_epilogue.o)
 .text          0x000008b6       0x9e d:/imt_avr_records/00-tools/05-toolchains/sdk_win_64/winavr/bin/../lib/gcc/avr/4.3.3/avr5\libgcc.a(_clzsi2.o)
                0x000008b6                __clzsi2
 .text          0x00000954      0x1aa d:/imt_avr_records/00-tools/05-toolchains/sdk_win_64/winavr/bin/../lib/gcc/avr/4.3.3/avr5\libgcc.a(_pack_sf.o)
                0x00000954                __pack_f
 .text          0x00000afe       0xf0 d:/imt_avr_records/00-tools/05-toolchains/sdk_win_64/winavr/bin/../lib/gcc/avr/4.3.3/avr5\libgcc.a(_unpack_sf.o)
                0x00000afe                __unpack_f
 .text          0x00000bee       0xb2 d:/imt_avr_records/00-tools/05-toolchains/sdk_win_64/winavr/bin/../lib/gcc/avr/4.3.3/avr5\libgcc.a(_fpcmp_parts_sf.o)
                0x00000bee                __fpcmp_parts_f
 .text          0x00000ca0        0x0 d:/imt_avr_records/00-tools/05-toolchains/sdk_win_64/winavr/bin/../lib/gcc/avr/4.3.3/avr5\libgcc.a(_clz.o)
 .text          0x00000ca0        0x0 d:/imt_avr_records/00-tools/05-toolchains/sdk_win_64/winavr/bin/../lib/gcc/avr/4.3.3/../../../../avr/lib/avr5\libc.a(strlen.o)
 .text          0x00000ca0        0x0 d:/imt_avr_records/00-tools/05-toolchains/sdk_win_64/winavr/bin/../lib/gcc/avr/4.3.3/../../../../avr/lib/avr5\libc.a(sprintf.o)
 .text          0x00000ca0        0x0 d:/imt_avr_records/00-tools/05-toolchains/sdk_win_64/winavr/bin/../lib/gcc/avr/4.3.3/../../../../avr/lib/avr5\libc.a(vfprintf_std.o)
 .text          0x00000ca0        0x0 d:/imt_avr_records/00-tools/05-toolchains/sdk_win_64/winavr/bin/../lib/gcc/avr/4.3.3/../../../../avr/lib/avr5\libc.a(strnlen_P.o)
 .text          0x00000ca0        0x0 d:/imt_avr_records/00-tools/05-toolchains/sdk_win_64/winavr/bin/../lib/gcc/avr/4.3.3/../../../../avr/lib/avr5\libc.a(strnlen.o)
 .text          0x00000ca0        0x0 d:/imt_avr_records/00-tools/05-toolchains/sdk_win_64/winavr/bin/../lib/gcc/avr/4.3.3/../../../../avr/lib/avr5\libc.a(fputc.o)
 .text          0x00000ca0        0x0 d:/imt_avr_records/00-tools/05-toolchains/sdk_win_64/winavr/bin/../lib/gcc/avr/4.3.3/../../../../avr/lib/avr5\libc.a(ultoa_invert.o)
                0x00000ca0                . = ALIGN (0x2)
 *(.text.*)
 .text.WDT_voidEnable
                0x00000ca0       0x46 ./MCAL/WDT/WDT_Program.o
                0x00000ca0                WDT_voidEnable
 .text.WDT_voidDisable
                0x00000ce6       0x30 ./MCAL/WDT/WDT_Program.o
                0x00000ce6                WDT_voidDisable
 .text.TIMERS_voidTimer0Init
                0x00000d16       0x70 ./MCAL/Timer/Timer_Program.o
                0x00000d16                TIMERS_voidTimer0Init
 .text.TIMERS_voidTimer1Init
                0x00000d86       0xa4 ./MCAL/Timer/Timer_Program.o
                0x00000d86                TIMERS_voidTimer1Init
 .text.TIMERS_u8TIMER0SetCallBack
                0x00000e2a       0x3a ./MCAL/Timer/Timer_Program.o
                0x00000e2a                TIMERS_u8TIMER0SetCallBack
 .text.TIMERS_u8TIMER0CTCSetCallBack
                0x00000e64       0x3a ./MCAL/Timer/Timer_Program.o
                0x00000e64                TIMERS_u8TIMER0CTCSetCallBack
 .text.TIMERS_voidTIMER0SetCompareMatchValue
                0x00000e9e       0x1c ./MCAL/Timer/Timer_Program.o
                0x00000e9e                TIMERS_voidTIMER0SetCompareMatchValue
 .text.TIMERS_voidTIMER0SetPreload
                0x00000eba       0x1c ./MCAL/Timer/Timer_Program.o
                0x00000eba                TIMERS_voidTIMER0SetPreload
 .text.TIMERS_voidTIMER1SetCompareMatchValueA
                0x00000ed6       0x24 ./MCAL/Timer/Timer_Program.o
                0x00000ed6                TIMERS_voidTIMER1SetCompareMatchValueA
 .text.TIMERS_voidTIMER1SetTimerValue
                0x00000efa       0x24 ./MCAL/Timer/Timer_Program.o
                0x00000efa                TIMERS_voidTIMER1SetTimerValue
 .text.TIMERS_u16TIMER1ReadTimerValue
                0x00000f1e       0x16 ./MCAL/Timer/Timer_Program.o
                0x00000f1e                TIMERS_u16TIMER1ReadTimerValue
 .text.__vector_11
                0x00000f34       0x98 ./MCAL/Timer/Timer_Program.o
                0x00000f34                __vector_11
 .text.__vector_10
                0x00000fcc       0x90 ./MCAL/Timer/Timer_Program.o
                0x00000fcc                __vector_10
 .text.Switch_Init
                0x0000105c       0xdc ./MCAL/Switch_Driver/Switch_Program.o
                0x0000105c                Switch_Init
 .text.Switch_GetValue
                0x00001138       0x3a ./MCAL/Switch_Driver/Switch_Program.o
                0x00001138                Switch_GetValue
 .text.LCD_setPinDirection
                0x00001172      0x1d6 ./MCAL/LCD_DIO/Dio_Program.o
                0x00001172                LCD_setPinDirection
 .text.LCD_setPinValue
                0x00001348      0x1d6 ./MCAL/LCD_DIO/Dio_Program.o
                0x00001348                LCD_setPinValue
 .text.LCD_getPinValue
                0x0000151e      0x136 ./MCAL/LCD_DIO/Dio_Program.o
                0x0000151e                LCD_getPinValue
 .text.LCD_setPortDirection
                0x00001654       0x88 ./MCAL/LCD_DIO/Dio_Program.o
                0x00001654                LCD_setPortDirection
 .text.LCD_setPortValue
                0x000016dc       0x88 ./MCAL/LCD_DIO/Dio_Program.o
                0x000016dc                LCD_setPortValue
 .text.LCD_getPortValue
                0x00001764       0x8a ./MCAL/LCD_DIO/Dio_Program.o
                0x00001764                LCD_getPortValue
 .text.EXTI_voidEnable_GIE
                0x000017ee       0x1c ./MCAL/Global_Interrupt/GI_Program.o
                0x000017ee                EXTI_voidEnable_GIE
 .text.EXTI_voidDisable_GIE
                0x0000180a       0x1c ./MCAL/Global_Interrupt/GI_Program.o
                0x0000180a                EXTI_voidDisable_GIE
 .text.setCallBack
                0x00001826       0x36 ./MCAL/EXTI/EXTI_Program.o
                0x00001826                setCallBack
 .text.EXTI0_LowLevel_MODE
                0x0000185c       0x2a ./MCAL/EXTI/EXTI_Program.o
                0x0000185c                EXTI0_LowLevel_MODE
 .text.EXTI0_FALLING_MODE
                0x00001886       0x2a ./MCAL/EXTI/EXTI_Program.o
                0x00001886                EXTI0_FALLING_MODE
 .text.EXTI0_AnyLogicalChange_MODE
                0x000018b0       0x2a ./MCAL/EXTI/EXTI_Program.o
                0x000018b0                EXTI0_AnyLogicalChange_MODE
 .text.EXTI0_RISING_MODE
                0x000018da       0x2a ./MCAL/EXTI/EXTI_Program.o
                0x000018da                EXTI0_RISING_MODE
 .text.EXTI1_LowLevel_MODE
                0x00001904       0x2a ./MCAL/EXTI/EXTI_Program.o
                0x00001904                EXTI1_LowLevel_MODE
 .text.EXTI1_FALLING_MODE
                0x0000192e       0x2a ./MCAL/EXTI/EXTI_Program.o
                0x0000192e                EXTI1_FALLING_MODE
 .text.EXTI1_AnyLogicalChange_MODE
                0x00001958       0x2a ./MCAL/EXTI/EXTI_Program.o
                0x00001958                EXTI1_AnyLogicalChange_MODE
 .text.EXTI1_RISING_MODE
                0x00001982       0x2a ./MCAL/EXTI/EXTI_Program.o
                0x00001982                EXTI1_RISING_MODE
 .text.EXTI2_RISING_MODE
                0x000019ac       0x1c ./MCAL/EXTI/EXTI_Program.o
                0x000019ac                EXTI2_RISING_MODE
 .text.EXTI2_FALLING_MODE
                0x000019c8       0x1c ./MCAL/EXTI/EXTI_Program.o
                0x000019c8                EXTI2_FALLING_MODE
 .text.EXTI_voidEXTI0Enable
                0x000019e4       0x20 ./MCAL/EXTI/EXTI_Program.o
                0x000019e4                EXTI_voidEXTI0Enable
 .text.EXTI_voidEXTI1Enable
                0x00001a04       0x20 ./MCAL/EXTI/EXTI_Program.o
                0x00001a04                EXTI_voidEXTI1Enable
 .text.EXTI_INTEnable
                0x00001a24      0x152 ./MCAL/EXTI/EXTI_Program.o
                0x00001a24                EXTI_INTEnable
 .text.EXTI_voidINTDisable
                0x00001b76       0x6e ./MCAL/EXTI/EXTI_Program.o
                0x00001b76                EXTI_voidINTDisable
 .text.__vector_1
                0x00001be4       0x66 ./MCAL/EXTI/EXTI_Program.o
                0x00001be4                __vector_1
 .text.__vector_2
                0x00001c4a       0x66 ./MCAL/EXTI/EXTI_Program.o
                0x00001c4a                __vector_2
 .text.__vector_3
                0x00001cb0       0x66 ./MCAL/EXTI/EXTI_Program.o
                0x00001cb0                __vector_3
 .text.DIO_voidInit
                0x00001d16       0x42 ./MCAL/DIO/DIO_Program.o
                0x00001d16                DIO_voidInit
 .text.DIO_u8SetPinDirection
                0x00001d58      0x254 ./MCAL/DIO/DIO_Program.o
                0x00001d58                DIO_u8SetPinDirection
 .text.DIO_u8SetPinValue
                0x00001fac      0x262 ./MCAL/DIO/DIO_Program.o
                0x00001fac                DIO_u8SetPinValue
 .text.DIO_u8GetPinValue
                0x0000220e      0x17c ./MCAL/DIO/DIO_Program.o
                0x0000220e                DIO_u8GetPinValue
 .text.DIO_getPinValueWithoutPointer
                0x0000238a      0x104 ./MCAL/DIO/DIO_Program.o
                0x0000238a                DIO_getPinValueWithoutPointer
 .text.DIO_u8SetPortDirection
                0x0000248e      0x128 ./MCAL/DIO/DIO_Program.o
                0x0000248e                DIO_u8SetPortDirection
 .text.ADC_void_Init
                0x000025b6       0x7e ./MCAL/ADC/ADC_Program.o
                0x000025b6                ADC_void_Init
 .text.ADC_u8_Get_Digital_ValueSynchNonBlocking
                0x00002634       0xfa ./MCAL/ADC/ADC_Program.o
                0x00002634                ADC_u8_Get_Digital_ValueSynchNonBlocking
 .text.ADC_u8_Get_Digital_ValueAsynch
                0x0000272e       0x8c ./MCAL/ADC/ADC_Program.o
                0x0000272e                ADC_u8_Get_Digital_ValueAsynch
 .text.ADC_u8GetADCRegValue
                0x000027ba       0x3a ./MCAL/ADC/ADC_Program.o
                0x000027ba                ADC_u8GetADCRegValue
 .text.__vector_16
                0x000027f4       0x82 ./MCAL/ADC/ADC_Program.o
                0x000027f4                __vector_16
 .text.Stepper_Init
                0x00002876       0x36 ./HAL/Stepper/Stepper_Program.o
                0x00002876                Stepper_Init
 .text.ActivatePins1
                0x000028ac       0x4a ./HAL/Stepper/Stepper_Program.o
                0x000028ac                ActivatePins1
 .text.ActivatePins2
                0x000028f6       0x4a ./HAL/Stepper/Stepper_Program.o
                0x000028f6                ActivatePins2
 .text.SelectStepAngle
                0x00002940       0xbc ./HAL/Stepper/Stepper_Program.o
                0x00002940                SelectStepAngle
 .text.Servo_Init
                0x000029fc       0x12 ./HAL/Servo_Motor/Servo_Program.o
                0x000029fc                Servo_Init
 .text.Servo_SetAngle
                0x00002a0e       0x20 ./HAL/Servo_Motor/Servo_Program.o
                0x00002a0e                Servo_SetAngle
 .text.LCD_sendCommand
                0x00002a2e      0x3f8 ./HAL/LCD/LCD_Program.o
                0x00002a2e                LCD_sendCommand
 .text.LCD_displayCharacter
                0x00002e26      0x3f8 ./HAL/LCD/LCD_Program.o
                0x00002e26                LCD_displayCharacter
 .text.LCD_display_WriteNumber
                0x0000321e       0xb6 ./HAL/LCD/LCD_Program.o
                0x0000321e                LCD_display_WriteNumber
 .text.LCD_init
                0x000032d4      0x148 ./HAL/LCD/LCD_Program.o
                0x000032d4                LCD_init
 .text.LCD_GoToXY
                0x0000341c       0x54 ./HAL/LCD/LCD_Program.o
                0x0000341c                LCD_GoToXY
 .text.LCD_displayString
                0x00003470       0x52 ./HAL/LCD/LCD_Program.o
                0x00003470                LCD_displayString
 .text.LCD_String_xy
                0x000034c2       0xda ./HAL/LCD/LCD_Program.o
                0x000034c2                LCD_String_xy
 .text.LCD_ClearScreen
                0x0000359c      0x110 ./HAL/LCD/LCD_Program.o
                0x0000359c                LCD_ClearScreen
 .text.LCD_ShiftingLeft
                0x000036ac      0x110 ./HAL/LCD/LCD_Program.o
                0x000036ac                LCD_ShiftingLeft
 .text.LCD_ShiftingRight
                0x000037bc      0x110 ./HAL/LCD/LCD_Program.o
                0x000037bc                LCD_ShiftingRight
 .text.LCD_WriteSpecialChar
                0x000038cc       0x90 ./HAL/LCD/LCD_Program.o
                0x000038cc                LCD_WriteSpecialChar
 .text.displayFloatOnLCD
                0x0000395c       0xda ./HAL/LCD/LCD_Program.o
                0x0000395c                displayFloatOnLCD
 .text.displayMinusNumbers
                0x00003a36       0x52 ./HAL/LCD/LCD_Program.o
                0x00003a36                displayMinusNumbers
 .text.KPD_u8GetKeyState
                0x00003a88      0x21e ./HAL/KEYPAD/Keypad_Program.o
                0x00003a88                KPD_u8GetKeyState
 .text.KPD_voidInit
                0x00003ca6       0x86 ./HAL/KEYPAD/Keypad_Program.o
                0x00003ca6                KPD_voidInit
 .text.DC_Motor_Init
                0x00003d2c       0x70 ./HAL/DC_MOTOR/DC_Motor_Program.o
                0x00003d2c                DC_Motor_Init
 .text.DC_Motor_Rotate
                0x00003d9c      0x110 ./HAL/DC_MOTOR/DC_Motor_Program.o
                0x00003d9c                DC_Motor_Rotate
 .text.DC_Motor_Stop
                0x00003eac       0x42 ./HAL/DC_MOTOR/DC_Motor_Program.o
                0x00003eac                DC_Motor_Stop
 .text.SevenSegment_Init
                0x00003eee       0x1c ./HAL/7Segment/SevenSegment_Program.o
                0x00003eee                SevenSegment_Init
 .text.SevenSegment_Display
                0x00003f0a      0x480 ./HAL/7Segment/SevenSegment_Program.o
                0x00003f0a                SevenSegment_Display
 .text.SevenSegment_From0To9
                0x0000438a      0xca4 ./HAL/7Segment/SevenSegment_Program.o
                0x0000438a                SevenSegment_From0To9
 .text.SevenSegment_FromAToH
                0x0000502e      0x9b8 ./HAL/7Segment/SevenSegment_Program.o
                0x0000502e                SevenSegment_FromAToH
 .text.main     0x000059e6      0x3ea ./APP/main.o
                0x000059e6                main
 .text.libgcc   0x00005dd0       0x26 d:/imt_avr_records/00-tools/05-toolchains/sdk_win_64/winavr/bin/../lib/gcc/avr/4.3.3/avr5\libgcc.a(_divmodhi4.o)
                0x00005dd0                __divmodhi4
                0x00005dd0                _div
 .text.libgcc   0x00005df6        0x0 d:/imt_avr_records/00-tools/05-toolchains/sdk_win_64/winavr/bin/../lib/gcc/avr/4.3.3/avr5\libgcc.a(_exit.o)
 .text.libgcc   0x00005df6        0x0 d:/imt_avr_records/00-tools/05-toolchains/sdk_win_64/winavr/bin/../lib/gcc/avr/4.3.3/avr5\libgcc.a(_copy_data.o)
 .text.libgcc   0x00005df6        0x0 d:/imt_avr_records/00-tools/05-toolchains/sdk_win_64/winavr/bin/../lib/gcc/avr/4.3.3/avr5\libgcc.a(_clear_bss.o)
 .text.libgcc   0x00005df6       0x28 d:/imt_avr_records/00-tools/05-toolchains/sdk_win_64/winavr/bin/../lib/gcc/avr/4.3.3/avr5\libgcc.a(_udivmodhi4.o)
                0x00005df6                __udivmodhi4
 .text.libgcc   0x00005e1e       0x38 d:/imt_avr_records/00-tools/05-toolchains/sdk_win_64/winavr/bin/../lib/gcc/avr/4.3.3/avr5\libgcc.a(_prologue.o)
                0x00005e1e                __prologue_saves__
 .text.libgcc   0x00005e56       0x36 d:/imt_avr_records/00-tools/05-toolchains/sdk_win_64/winavr/bin/../lib/gcc/avr/4.3.3/avr5\libgcc.a(_epilogue.o)
                0x00005e56                __epilogue_restores__
 .text.avr-libc
                0x00005e8c       0x12 d:/imt_avr_records/00-tools/05-toolchains/sdk_win_64/winavr/bin/../lib/gcc/avr/4.3.3/../../../../avr/lib/avr5\libc.a(strlen.o)
                0x00005e8c                strlen
 .text.avr-libc
                0x00005e9e       0x48 d:/imt_avr_records/00-tools/05-toolchains/sdk_win_64/winavr/bin/../lib/gcc/avr/4.3.3/../../../../avr/lib/avr5\libc.a(sprintf.o)
                0x00005e9e                sprintf
 .text.avr-libc
                0x00005ee6      0x3ba d:/imt_avr_records/00-tools/05-toolchains/sdk_win_64/winavr/bin/../lib/gcc/avr/4.3.3/../../../../avr/lib/avr5\libc.a(vfprintf_std.o)
                0x00005ee6                vfprintf
 .text.avr-libc
                0x000062a0       0x16 d:/imt_avr_records/00-tools/05-toolchains/sdk_win_64/winavr/bin/../lib/gcc/avr/4.3.3/../../../../avr/lib/avr5\libc.a(strnlen_P.o)
                0x000062a0                strnlen_P
 .text.avr-libc
                0x000062b6       0x16 d:/imt_avr_records/00-tools/05-toolchains/sdk_win_64/winavr/bin/../lib/gcc/avr/4.3.3/../../../../avr/lib/avr5\libc.a(strnlen.o)
                0x000062b6                strnlen
 .text.avr-libc
                0x000062cc       0x58 d:/imt_avr_records/00-tools/05-toolchains/sdk_win_64/winavr/bin/../lib/gcc/avr/4.3.3/../../../../avr/lib/avr5\libc.a(fputc.o)
                0x000062cc                fputc
 .text.avr-libc
                0x00006324       0xbc d:/imt_avr_records/00-tools/05-toolchains/sdk_win_64/winavr/bin/../lib/gcc/avr/4.3.3/../../../../avr/lib/avr5\libc.a(ultoa_invert.o)
                0x00006324                __ultoa_invert
                0x000063e0                . = ALIGN (0x2)
 *(.fini9)
 .fini9         0x000063e0        0x0 d:/imt_avr_records/00-tools/05-toolchains/sdk_win_64/winavr/bin/../lib/gcc/avr/4.3.3/avr5\libgcc.a(_exit.o)
                0x000063e0                exit
                0x000063e0                _exit
 *(.fini9)
 *(.fini8)
 *(.fini8)
 *(.fini7)
 *(.fini7)
 *(.fini6)
 *(.fini6)
 *(.fini5)
 *(.fini5)
 *(.fini4)
 *(.fini4)
 *(.fini3)
 *(.fini3)
 *(.fini2)
 *(.fini2)
 *(.fini1)
 *(.fini1)
 *(.fini0)
 .fini0         0x000063e0        0x4 d:/imt_avr_records/00-tools/05-toolchains/sdk_win_64/winavr/bin/../lib/gcc/avr/4.3.3/avr5\libgcc.a(_exit.o)
 *(.fini0)
                0x000063e4                _etext = .

.data           0x00800060      0x136 load address 0x000063e4
                0x00800060                PROVIDE (__data_start, .)
 *(.data)
 .data          0x00800060        0x0 d:/imt_avr_records/00-tools/05-toolchains/sdk_win_64/winavr/bin/../lib/gcc/avr/4.3.3/../../../../avr/lib/avr5/crtm32.o
 .data          0x00800060        0x0 ./MCAL/WDT/WDT_Program.o
 .data          0x00800060        0x0 ./MCAL/Timer/Timer_Program.o
 .data          0x00800060        0x0 ./MCAL/Switch_Driver/Switch_Config.o
 .data          0x00800060        0x0 ./MCAL/Switch_Driver/Switch_Program.o
 .data          0x00800060        0x0 ./MCAL/LCD_DIO/Dio_Program.o
 .data          0x00800060        0x0 ./MCAL/Global_Interrupt/GI_Program.o
 .data          0x00800060        0x0 ./MCAL/EXTI/EXTI_Program.o
 .data          0x00800060        0x0 ./MCAL/DIO/DIO_Program.o
 .data          0x00800060        0x0 ./MCAL/ADC/ADC_Program.o
 .data          0x00800060        0x0 ./HAL/Stepper/Stepper_Program.o
 .data          0x00800060        0x0 ./HAL/Servo_Motor/Servo_Program.o
 .data          0x00800060        0x4 ./HAL/LCD/LCD_Program.o
 .data          0x00800064        0x0 ./HAL/KEYPAD/Keypad_Program.o
 .data          0x00800064        0x0 ./HAL/DC_MOTOR/DC_Motor_Program.o
 .data          0x00800064        0x0 ./HAL/7Segment/SevenSegment_Program.o
 .data          0x00800064        0xe ./APP/main.o
 .data          0x00800072        0x0 d:/imt_avr_records/00-tools/05-toolchains/sdk_win_64/winavr/bin/../lib/gcc/avr/4.3.3/avr5\libgcc.a(_divmodhi4.o)
 .data          0x00800072        0x0 d:/imt_avr_records/00-tools/05-toolchains/sdk_win_64/winavr/bin/../lib/gcc/avr/4.3.3/avr5\libgcc.a(_exit.o)
 .data          0x00800072        0x0 d:/imt_avr_records/00-tools/05-toolchains/sdk_win_64/winavr/bin/../lib/gcc/avr/4.3.3/avr5\libgcc.a(_copy_data.o)
 .data          0x00800072        0x0 d:/imt_avr_records/00-tools/05-toolchains/sdk_win_64/winavr/bin/../lib/gcc/avr/4.3.3/avr5\libgcc.a(_clear_bss.o)
 .data          0x00800072        0x0 d:/imt_avr_records/00-tools/05-toolchains/sdk_win_64/winavr/bin/../lib/gcc/avr/4.3.3/avr5\libgcc.a(_fixunssfsi.o)
 .data          0x00800072        0x0 d:/imt_avr_records/00-tools/05-toolchains/sdk_win_64/winavr/bin/../lib/gcc/avr/4.3.3/avr5\libgcc.a(_addsub_sf.o)
 .data          0x00800072        0x0 d:/imt_avr_records/00-tools/05-toolchains/sdk_win_64/winavr/bin/../lib/gcc/avr/4.3.3/avr5\libgcc.a(_mul_sf.o)
 .data          0x00800072        0x0 d:/imt_avr_records/00-tools/05-toolchains/sdk_win_64/winavr/bin/../lib/gcc/avr/4.3.3/avr5\libgcc.a(_gt_sf.o)
 .data          0x00800072        0x0 d:/imt_avr_records/00-tools/05-toolchains/sdk_win_64/winavr/bin/../lib/gcc/avr/4.3.3/avr5\libgcc.a(_ge_sf.o)
 .data          0x00800072        0x0 d:/imt_avr_records/00-tools/05-toolchains/sdk_win_64/winavr/bin/../lib/gcc/avr/4.3.3/avr5\libgcc.a(_lt_sf.o)
 .data          0x00800072        0x0 d:/imt_avr_records/00-tools/05-toolchains/sdk_win_64/winavr/bin/../lib/gcc/avr/4.3.3/avr5\libgcc.a(_si_to_sf.o)
 .data          0x00800072        0x0 d:/imt_avr_records/00-tools/05-toolchains/sdk_win_64/winavr/bin/../lib/gcc/avr/4.3.3/avr5\libgcc.a(_sf_to_si.o)
 .data          0x00800072        0x8 d:/imt_avr_records/00-tools/05-toolchains/sdk_win_64/winavr/bin/../lib/gcc/avr/4.3.3/avr5\libgcc.a(_thenan_sf.o)
                0x00800072                __thenan_sf
 .data          0x0080007a        0x0 d:/imt_avr_records/00-tools/05-toolchains/sdk_win_64/winavr/bin/../lib/gcc/avr/4.3.3/avr5\libgcc.a(_udivmodhi4.o)
 .data          0x0080007a        0x0 d:/imt_avr_records/00-tools/05-toolchains/sdk_win_64/winavr/bin/../lib/gcc/avr/4.3.3/avr5\libgcc.a(_prologue.o)
 .data          0x0080007a        0x0 d:/imt_avr_records/00-tools/05-toolchains/sdk_win_64/winavr/bin/../lib/gcc/avr/4.3.3/avr5\libgcc.a(_epilogue.o)
 .data          0x0080007a        0x0 d:/imt_avr_records/00-tools/05-toolchains/sdk_win_64/winavr/bin/../lib/gcc/avr/4.3.3/avr5\libgcc.a(_clzsi2.o)
 .data          0x0080007a        0x0 d:/imt_avr_records/00-tools/05-toolchains/sdk_win_64/winavr/bin/../lib/gcc/avr/4.3.3/avr5\libgcc.a(_pack_sf.o)
 .data          0x0080007a        0x0 d:/imt_avr_records/00-tools/05-toolchains/sdk_win_64/winavr/bin/../lib/gcc/avr/4.3.3/avr5\libgcc.a(_unpack_sf.o)
 .data          0x0080007a        0x0 d:/imt_avr_records/00-tools/05-toolchains/sdk_win_64/winavr/bin/../lib/gcc/avr/4.3.3/avr5\libgcc.a(_fpcmp_parts_sf.o)
 .data          0x0080007a      0x100 d:/imt_avr_records/00-tools/05-toolchains/sdk_win_64/winavr/bin/../lib/gcc/avr/4.3.3/avr5\libgcc.a(_clz.o)
                0x0080007a                __clz_tab
 .data          0x0080017a        0x0 d:/imt_avr_records/00-tools/05-toolchains/sdk_win_64/winavr/bin/../lib/gcc/avr/4.3.3/../../../../avr/lib/avr5\libc.a(strlen.o)
 .data          0x0080017a        0x0 d:/imt_avr_records/00-tools/05-toolchains/sdk_win_64/winavr/bin/../lib/gcc/avr/4.3.3/../../../../avr/lib/avr5\libc.a(sprintf.o)
 .data          0x0080017a        0x0 d:/imt_avr_records/00-tools/05-toolchains/sdk_win_64/winavr/bin/../lib/gcc/avr/4.3.3/../../../../avr/lib/avr5\libc.a(vfprintf_std.o)
 .data          0x0080017a        0x0 d:/imt_avr_records/00-tools/05-toolchains/sdk_win_64/winavr/bin/../lib/gcc/avr/4.3.3/../../../../avr/lib/avr5\libc.a(strnlen_P.o)
 .data          0x0080017a        0x0 d:/imt_avr_records/00-tools/05-toolchains/sdk_win_64/winavr/bin/../lib/gcc/avr/4.3.3/../../../../avr/lib/avr5\libc.a(strnlen.o)
 .data          0x0080017a        0x0 d:/imt_avr_records/00-tools/05-toolchains/sdk_win_64/winavr/bin/../lib/gcc/avr/4.3.3/../../../../avr/lib/avr5\libc.a(fputc.o)
 .data          0x0080017a        0x0 d:/imt_avr_records/00-tools/05-toolchains/sdk_win_64/winavr/bin/../lib/gcc/avr/4.3.3/../../../../avr/lib/avr5\libc.a(ultoa_invert.o)
 *(.data*)
 .data.Arr      0x0080017a        0x3 ./MCAL/Switch_Driver/Switch_Config.o
                0x0080017a                Arr
 *(.rodata)
 *(.rodata*)
 .rodata.KPD_Au8Keys
                0x0080017d       0x10 ./HAL/KEYPAD/Keypad_Program.o
                0x0080017d                KPD_Au8Keys
 .rodata.KPD_Au8RowsPins
                0x0080018d        0x4 ./HAL/KEYPAD/Keypad_Program.o
                0x0080018d                KPD_Au8RowsPins
 .rodata.KPD_Au8ColsPins
                0x00800191        0x4 ./HAL/KEYPAD/Keypad_Program.o
                0x00800191                KPD_Au8ColsPins
 *(.gnu.linkonce.d*)
                0x00800196                . = ALIGN (0x2)
 *fill*         0x00800195        0x1 00
                0x00800196                _edata = .
                0x00800196                PROVIDE (__data_end, .)

.bss            0x00800196       0x11
                0x00800196                PROVIDE (__bss_start, .)
 *(.bss)
 .bss           0x00800196        0x0 d:/imt_avr_records/00-tools/05-toolchains/sdk_win_64/winavr/bin/../lib/gcc/avr/4.3.3/../../../../avr/lib/avr5/crtm32.o
 .bss           0x00800196        0x0 ./MCAL/WDT/WDT_Program.o
 .bss           0x00800196        0x0 ./MCAL/Timer/Timer_Program.o
 .bss           0x00800196        0x0 ./MCAL/Switch_Driver/Switch_Config.o
 .bss           0x00800196        0x0 ./MCAL/Switch_Driver/Switch_Program.o
 .bss           0x00800196        0x0 ./MCAL/LCD_DIO/Dio_Program.o
 .bss           0x00800196        0x0 ./MCAL/Global_Interrupt/GI_Program.o
 .bss           0x00800196        0x0 ./MCAL/EXTI/EXTI_Program.o
 .bss           0x00800196        0x0 ./MCAL/DIO/DIO_Program.o
 .bss           0x00800196        0x0 ./MCAL/ADC/ADC_Program.o
 .bss           0x00800196        0x0 ./HAL/Stepper/Stepper_Program.o
 .bss           0x00800196        0x0 ./HAL/Servo_Motor/Servo_Program.o
 .bss           0x00800196        0x0 ./HAL/LCD/LCD_Program.o
 .bss           0x00800196        0x0 ./HAL/KEYPAD/Keypad_Program.o
 .bss           0x00800196        0x0 ./HAL/DC_MOTOR/DC_Motor_Program.o
 .bss           0x00800196        0x0 ./HAL/7Segment/SevenSegment_Program.o
 .bss           0x00800196        0x0 ./APP/main.o
 .bss           0x00800196        0x0 d:/imt_avr_records/00-tools/05-toolchains/sdk_win_64/winavr/bin/../lib/gcc/avr/4.3.3/avr5\libgcc.a(_divmodhi4.o)
 .bss           0x00800196        0x0 d:/imt_avr_records/00-tools/05-toolchains/sdk_win_64/winavr/bin/../lib/gcc/avr/4.3.3/avr5\libgcc.a(_exit.o)
 .bss           0x00800196        0x0 d:/imt_avr_records/00-tools/05-toolchains/sdk_win_64/winavr/bin/../lib/gcc/avr/4.3.3/avr5\libgcc.a(_copy_data.o)
 .bss           0x00800196        0x0 d:/imt_avr_records/00-tools/05-toolchains/sdk_win_64/winavr/bin/../lib/gcc/avr/4.3.3/avr5\libgcc.a(_clear_bss.o)
 .bss           0x00800196        0x0 d:/imt_avr_records/00-tools/05-toolchains/sdk_win_64/winavr/bin/../lib/gcc/avr/4.3.3/avr5\libgcc.a(_fixunssfsi.o)
 .bss           0x00800196        0x0 d:/imt_avr_records/00-tools/05-toolchains/sdk_win_64/winavr/bin/../lib/gcc/avr/4.3.3/avr5\libgcc.a(_addsub_sf.o)
 .bss           0x00800196        0x0 d:/imt_avr_records/00-tools/05-toolchains/sdk_win_64/winavr/bin/../lib/gcc/avr/4.3.3/avr5\libgcc.a(_mul_sf.o)
 .bss           0x00800196        0x0 d:/imt_avr_records/00-tools/05-toolchains/sdk_win_64/winavr/bin/../lib/gcc/avr/4.3.3/avr5\libgcc.a(_gt_sf.o)
 .bss           0x00800196        0x0 d:/imt_avr_records/00-tools/05-toolchains/sdk_win_64/winavr/bin/../lib/gcc/avr/4.3.3/avr5\libgcc.a(_ge_sf.o)
 .bss           0x00800196        0x0 d:/imt_avr_records/00-tools/05-toolchains/sdk_win_64/winavr/bin/../lib/gcc/avr/4.3.3/avr5\libgcc.a(_lt_sf.o)
 .bss           0x00800196        0x0 d:/imt_avr_records/00-tools/05-toolchains/sdk_win_64/winavr/bin/../lib/gcc/avr/4.3.3/avr5\libgcc.a(_si_to_sf.o)
 .bss           0x00800196        0x0 d:/imt_avr_records/00-tools/05-toolchains/sdk_win_64/winavr/bin/../lib/gcc/avr/4.3.3/avr5\libgcc.a(_sf_to_si.o)
 .bss           0x00800196        0x0 d:/imt_avr_records/00-tools/05-toolchains/sdk_win_64/winavr/bin/../lib/gcc/avr/4.3.3/avr5\libgcc.a(_thenan_sf.o)
 .bss           0x00800196        0x0 d:/imt_avr_records/00-tools/05-toolchains/sdk_win_64/winavr/bin/../lib/gcc/avr/4.3.3/avr5\libgcc.a(_udivmodhi4.o)
 .bss           0x00800196        0x0 d:/imt_avr_records/00-tools/05-toolchains/sdk_win_64/winavr/bin/../lib/gcc/avr/4.3.3/avr5\libgcc.a(_prologue.o)
 .bss           0x00800196        0x0 d:/imt_avr_records/00-tools/05-toolchains/sdk_win_64/winavr/bin/../lib/gcc/avr/4.3.3/avr5\libgcc.a(_epilogue.o)
 .bss           0x00800196        0x0 d:/imt_avr_records/00-tools/05-toolchains/sdk_win_64/winavr/bin/../lib/gcc/avr/4.3.3/avr5\libgcc.a(_clzsi2.o)
 .bss           0x00800196        0x0 d:/imt_avr_records/00-tools/05-toolchains/sdk_win_64/winavr/bin/../lib/gcc/avr/4.3.3/avr5\libgcc.a(_pack_sf.o)
 .bss           0x00800196        0x0 d:/imt_avr_records/00-tools/05-toolchains/sdk_win_64/winavr/bin/../lib/gcc/avr/4.3.3/avr5\libgcc.a(_unpack_sf.o)
 .bss           0x00800196        0x0 d:/imt_avr_records/00-tools/05-toolchains/sdk_win_64/winavr/bin/../lib/gcc/avr/4.3.3/avr5\libgcc.a(_fpcmp_parts_sf.o)
 .bss           0x00800196        0x0 d:/imt_avr_records/00-tools/05-toolchains/sdk_win_64/winavr/bin/../lib/gcc/avr/4.3.3/avr5\libgcc.a(_clz.o)
 .bss           0x00800196        0x0 d:/imt_avr_records/00-tools/05-toolchains/sdk_win_64/winavr/bin/../lib/gcc/avr/4.3.3/../../../../avr/lib/avr5\libc.a(strlen.o)
 .bss           0x00800196        0x0 d:/imt_avr_records/00-tools/05-toolchains/sdk_win_64/winavr/bin/../lib/gcc/avr/4.3.3/../../../../avr/lib/avr5\libc.a(sprintf.o)
 .bss           0x00800196        0x0 d:/imt_avr_records/00-tools/05-toolchains/sdk_win_64/winavr/bin/../lib/gcc/avr/4.3.3/../../../../avr/lib/avr5\libc.a(vfprintf_std.o)
 .bss           0x00800196        0x0 d:/imt_avr_records/00-tools/05-toolchains/sdk_win_64/winavr/bin/../lib/gcc/avr/4.3.3/../../../../avr/lib/avr5\libc.a(strnlen_P.o)
 .bss           0x00800196        0x0 d:/imt_avr_records/00-tools/05-toolchains/sdk_win_64/winavr/bin/../lib/gcc/avr/4.3.3/../../../../avr/lib/avr5\libc.a(strnlen.o)
 .bss           0x00800196        0x0 d:/imt_avr_records/00-tools/05-toolchains/sdk_win_64/winavr/bin/../lib/gcc/avr/4.3.3/../../../../avr/lib/avr5\libc.a(fputc.o)
 .bss           0x00800196        0x0 d:/imt_avr_records/00-tools/05-toolchains/sdk_win_64/winavr/bin/../lib/gcc/avr/4.3.3/../../../../avr/lib/avr5\libc.a(ultoa_invert.o)
 *(.bss*)
 .bss.TIMERS_pfTIMER0OVF
                0x00800196        0x2 ./MCAL/Timer/Timer_Program.o
 .bss.TIMERS_pfTIMER0CTC
                0x00800198        0x2 ./MCAL/Timer/Timer_Program.o
 .bss.Local_u16CounterOVF.1353
                0x0080019a        0x2 ./MCAL/Timer/Timer_Program.o
 .bss.Local_u16CounterCTC.1369
                0x0080019c        0x2 ./MCAL/Timer/Timer_Program.o
 .bss.EXTI      0x0080019e        0x6 ./MCAL/EXTI/EXTI_Program.o
                0x0080019e                EXTI
 .bss.ADC_PfNotification
                0x008001a4        0x2 ./MCAL/ADC/ADC_Program.o
 .bss.ADC_u8BusyFlag
                0x008001a6        0x1 ./MCAL/ADC/ADC_Program.o
 *(COMMON)
                0x008001a7                PROVIDE (__bss_end, .)
                0x000063e4                __data_load_start = LOADADDR (.data)
                0x0000651a                __data_load_end = (__data_load_start + SIZEOF (.data))

.noinit         0x008001a7        0x0
                0x008001a7                PROVIDE (__noinit_start, .)
 *(.noinit*)
                0x008001a7                PROVIDE (__noinit_end, .)
                0x008001a7                _end = .
                0x008001a7                PROVIDE (__heap_start, .)

.eeprom         0x00810000        0x0
 *(.eeprom*)
                0x00810000                __eeprom_end = .

.fuse
 *(.fuse)
 *(.lfuse)
 *(.hfuse)
 *(.efuse)

.lock
 *(.lock*)

.signature
 *(.signature*)

.stab           0x00000000     0x627c
 *(.stab)
 .stab          0x00000000      0x1f8 ./MCAL/WDT/WDT_Program.o
 .stab          0x000001f8      0x63c ./MCAL/Timer/Timer_Program.o
                                0x648 (size before relaxing)
 .stab          0x00000834      0x1c8 ./MCAL/Switch_Driver/Switch_Config.o
                                0x1d4 (size before relaxing)
 .stab          0x000009fc      0x240 ./MCAL/Switch_Driver/Switch_Program.o
                                0x2a0 (size before relaxing)
 .stab          0x00000c3c      0x840 ./MCAL/LCD_DIO/Dio_Program.o
                                0x84c (size before relaxing)
 .stab          0x0000147c      0x1b0 ./MCAL/Global_Interrupt/GI_Program.o
                                0x1bc (size before relaxing)
 .stab          0x0000162c      0x678 ./MCAL/EXTI/EXTI_Program.o
                                0x684 (size before relaxing)
 .stab          0x00001ca4      0x7c8 ./MCAL/DIO/DIO_Program.o
                                0x7d4 (size before relaxing)
 .stab          0x0000246c      0x504 ./MCAL/ADC/ADC_Program.o
                                0x510 (size before relaxing)
 .stab          0x00002970      0x3b4 ./HAL/Stepper/Stepper_Program.o
                                0x540 (size before relaxing)
 .stab          0x00002d24      0x1d4 ./HAL/Servo_Motor/Servo_Program.o
                                0x1e0 (size before relaxing)
 .stab          0x00002ef8     0x10c8 ./HAL/LCD/LCD_Program.o
                               0x1260 (size before relaxing)
 .stab          0x00003fc0      0x498 ./HAL/KEYPAD/Keypad_Program.o
                                0x630 (size before relaxing)
 .stab          0x00004458      0x474 ./HAL/DC_MOTOR/DC_Motor_Program.o
                                0x480 (size before relaxing)
 .stab          0x000048cc     0x141c ./HAL/7Segment/SevenSegment_Program.o
                               0x15b4 (size before relaxing)
 .stab          0x00005ce8      0x594 ./APP/main.o
                                0x72c (size before relaxing)

.stabstr        0x00000000     0x25b2
 *(.stabstr)
 .stabstr       0x00000000     0x25b2 ./MCAL/WDT/WDT_Program.o

.stab.excl
 *(.stab.excl)

.stab.exclstr
 *(.stab.exclstr)

.stab.index
 *(.stab.index)

.stab.indexstr
 *(.stab.indexstr)

.comment
 *(.comment)

.debug
 *(.debug)

.line
 *(.line)

.debug_srcinfo
 *(.debug_srcinfo)

.debug_sfnames
 *(.debug_sfnames)

.debug_aranges  0x00000000      0x180
 *(.debug_aranges)
 .debug_aranges
                0x00000000       0x20 d:/imt_avr_records/00-tools/05-toolchains/sdk_win_64/winavr/bin/../lib/gcc/avr/4.3.3/avr5\libgcc.a(_fixunssfsi.o)
 .debug_aranges
                0x00000020       0x20 d:/imt_avr_records/00-tools/05-toolchains/sdk_win_64/winavr/bin/../lib/gcc/avr/4.3.3/avr5\libgcc.a(_addsub_sf.o)
 .debug_aranges
                0x00000040       0x20 d:/imt_avr_records/00-tools/05-toolchains/sdk_win_64/winavr/bin/../lib/gcc/avr/4.3.3/avr5\libgcc.a(_mul_sf.o)
 .debug_aranges
                0x00000060       0x20 d:/imt_avr_records/00-tools/05-toolchains/sdk_win_64/winavr/bin/../lib/gcc/avr/4.3.3/avr5\libgcc.a(_gt_sf.o)
 .debug_aranges
                0x00000080       0x20 d:/imt_avr_records/00-tools/05-toolchains/sdk_win_64/winavr/bin/../lib/gcc/avr/4.3.3/avr5\libgcc.a(_ge_sf.o)
 .debug_aranges
                0x000000a0       0x20 d:/imt_avr_records/00-tools/05-toolchains/sdk_win_64/winavr/bin/../lib/gcc/avr/4.3.3/avr5\libgcc.a(_lt_sf.o)
 .debug_aranges
                0x000000c0       0x20 d:/imt_avr_records/00-tools/05-toolchains/sdk_win_64/winavr/bin/../lib/gcc/avr/4.3.3/avr5\libgcc.a(_si_to_sf.o)
 .debug_aranges
                0x000000e0       0x20 d:/imt_avr_records/00-tools/05-toolchains/sdk_win_64/winavr/bin/../lib/gcc/avr/4.3.3/avr5\libgcc.a(_sf_to_si.o)
 .debug_aranges
                0x00000100       0x20 d:/imt_avr_records/00-tools/05-toolchains/sdk_win_64/winavr/bin/../lib/gcc/avr/4.3.3/avr5\libgcc.a(_clzsi2.o)
 .debug_aranges
                0x00000120       0x20 d:/imt_avr_records/00-tools/05-toolchains/sdk_win_64/winavr/bin/../lib/gcc/avr/4.3.3/avr5\libgcc.a(_pack_sf.o)
 .debug_aranges
                0x00000140       0x20 d:/imt_avr_records/00-tools/05-toolchains/sdk_win_64/winavr/bin/../lib/gcc/avr/4.3.3/avr5\libgcc.a(_unpack_sf.o)
 .debug_aranges
                0x00000160       0x20 d:/imt_avr_records/00-tools/05-toolchains/sdk_win_64/winavr/bin/../lib/gcc/avr/4.3.3/avr5\libgcc.a(_fpcmp_parts_sf.o)

.debug_pubnames
                0x00000000      0x1d1
 *(.debug_pubnames)
 .debug_pubnames
                0x00000000       0x23 d:/imt_avr_records/00-tools/05-toolchains/sdk_win_64/winavr/bin/../lib/gcc/avr/4.3.3/avr5\libgcc.a(_fixunssfsi.o)
 .debug_pubnames
                0x00000023       0x2c d:/imt_avr_records/00-tools/05-toolchains/sdk_win_64/winavr/bin/../lib/gcc/avr/4.3.3/avr5\libgcc.a(_addsub_sf.o)
 .debug_pubnames
                0x0000004f       0x1f d:/imt_avr_records/00-tools/05-toolchains/sdk_win_64/winavr/bin/../lib/gcc/avr/4.3.3/avr5\libgcc.a(_mul_sf.o)
 .debug_pubnames
                0x0000006e       0x1e d:/imt_avr_records/00-tools/05-toolchains/sdk_win_64/winavr/bin/../lib/gcc/avr/4.3.3/avr5\libgcc.a(_gt_sf.o)
 .debug_pubnames
                0x0000008c       0x1e d:/imt_avr_records/00-tools/05-toolchains/sdk_win_64/winavr/bin/../lib/gcc/avr/4.3.3/avr5\libgcc.a(_ge_sf.o)
 .debug_pubnames
                0x000000aa       0x1e d:/imt_avr_records/00-tools/05-toolchains/sdk_win_64/winavr/bin/../lib/gcc/avr/4.3.3/avr5\libgcc.a(_lt_sf.o)
 .debug_pubnames
                0x000000c8       0x22 d:/imt_avr_records/00-tools/05-toolchains/sdk_win_64/winavr/bin/../lib/gcc/avr/4.3.3/avr5\libgcc.a(_si_to_sf.o)
 .debug_pubnames
                0x000000ea       0x20 d:/imt_avr_records/00-tools/05-toolchains/sdk_win_64/winavr/bin/../lib/gcc/avr/4.3.3/avr5\libgcc.a(_sf_to_si.o)
 .debug_pubnames
                0x0000010a       0x22 d:/imt_avr_records/00-tools/05-toolchains/sdk_win_64/winavr/bin/../lib/gcc/avr/4.3.3/avr5\libgcc.a(_thenan_sf.o)
 .debug_pubnames
                0x0000012c       0x1f d:/imt_avr_records/00-tools/05-toolchains/sdk_win_64/winavr/bin/../lib/gcc/avr/4.3.3/avr5\libgcc.a(_clzsi2.o)
 .debug_pubnames
                0x0000014b       0x1f d:/imt_avr_records/00-tools/05-toolchains/sdk_win_64/winavr/bin/../lib/gcc/avr/4.3.3/avr5\libgcc.a(_pack_sf.o)
 .debug_pubnames
                0x0000016a       0x21 d:/imt_avr_records/00-tools/05-toolchains/sdk_win_64/winavr/bin/../lib/gcc/avr/4.3.3/avr5\libgcc.a(_unpack_sf.o)
 .debug_pubnames
                0x0000018b       0x26 d:/imt_avr_records/00-tools/05-toolchains/sdk_win_64/winavr/bin/../lib/gcc/avr/4.3.3/avr5\libgcc.a(_fpcmp_parts_sf.o)
 .debug_pubnames
                0x000001b1       0x20 d:/imt_avr_records/00-tools/05-toolchains/sdk_win_64/winavr/bin/../lib/gcc/avr/4.3.3/avr5\libgcc.a(_clz.o)

.debug_info     0x00000000     0x2010
 *(.debug_info)
 .debug_info    0x00000000       0xb1 d:/imt_avr_records/00-tools/05-toolchains/sdk_win_64/winavr/bin/../lib/gcc/avr/4.3.3/avr5\libgcc.a(_fixunssfsi.o)
 .debug_info    0x000000b1      0x47a d:/imt_avr_records/00-tools/05-toolchains/sdk_win_64/winavr/bin/../lib/gcc/avr/4.3.3/avr5\libgcc.a(_addsub_sf.o)
 .debug_info    0x0000052b      0x485 d:/imt_avr_records/00-tools/05-toolchains/sdk_win_64/winavr/bin/../lib/gcc/avr/4.3.3/avr5\libgcc.a(_mul_sf.o)
 .debug_info    0x000009b0      0x27f d:/imt_avr_records/00-tools/05-toolchains/sdk_win_64/winavr/bin/../lib/gcc/avr/4.3.3/avr5\libgcc.a(_gt_sf.o)
 .debug_info    0x00000c2f      0x27f d:/imt_avr_records/00-tools/05-toolchains/sdk_win_64/winavr/bin/../lib/gcc/avr/4.3.3/avr5\libgcc.a(_ge_sf.o)
 .debug_info    0x00000eae      0x27f d:/imt_avr_records/00-tools/05-toolchains/sdk_win_64/winavr/bin/../lib/gcc/avr/4.3.3/avr5\libgcc.a(_lt_sf.o)
 .debug_info    0x0000112d      0x207 d:/imt_avr_records/00-tools/05-toolchains/sdk_win_64/winavr/bin/../lib/gcc/avr/4.3.3/avr5\libgcc.a(_si_to_sf.o)
 .debug_info    0x00001334      0x2b0 d:/imt_avr_records/00-tools/05-toolchains/sdk_win_64/winavr/bin/../lib/gcc/avr/4.3.3/avr5\libgcc.a(_sf_to_si.o)
 .debug_info    0x000015e4      0x12c d:/imt_avr_records/00-tools/05-toolchains/sdk_win_64/winavr/bin/../lib/gcc/avr/4.3.3/avr5\libgcc.a(_thenan_sf.o)
 .debug_info    0x00001710      0x117 d:/imt_avr_records/00-tools/05-toolchains/sdk_win_64/winavr/bin/../lib/gcc/avr/4.3.3/avr5\libgcc.a(_clzsi2.o)
 .debug_info    0x00001827      0x2df d:/imt_avr_records/00-tools/05-toolchains/sdk_win_64/winavr/bin/../lib/gcc/avr/4.3.3/avr5\libgcc.a(_pack_sf.o)
 .debug_info    0x00001b06      0x251 d:/imt_avr_records/00-tools/05-toolchains/sdk_win_64/winavr/bin/../lib/gcc/avr/4.3.3/avr5\libgcc.a(_unpack_sf.o)
 .debug_info    0x00001d57      0x210 d:/imt_avr_records/00-tools/05-toolchains/sdk_win_64/winavr/bin/../lib/gcc/avr/4.3.3/avr5\libgcc.a(_fpcmp_parts_sf.o)
 .debug_info    0x00001f67       0xa9 d:/imt_avr_records/00-tools/05-toolchains/sdk_win_64/winavr/bin/../lib/gcc/avr/4.3.3/avr5\libgcc.a(_clz.o)
 *(.gnu.linkonce.wi.*)

.debug_abbrev   0x00000000     0x1161
 *(.debug_abbrev)
 .debug_abbrev  0x00000000       0x5d d:/imt_avr_records/00-tools/05-toolchains/sdk_win_64/winavr/bin/../lib/gcc/avr/4.3.3/avr5\libgcc.a(_fixunssfsi.o)
 .debug_abbrev  0x0000005d      0x1ea d:/imt_avr_records/00-tools/05-toolchains/sdk_win_64/winavr/bin/../lib/gcc/avr/4.3.3/avr5\libgcc.a(_addsub_sf.o)
 .debug_abbrev  0x00000247      0x21b d:/imt_avr_records/00-tools/05-toolchains/sdk_win_64/winavr/bin/../lib/gcc/avr/4.3.3/avr5\libgcc.a(_mul_sf.o)
 .debug_abbrev  0x00000462      0x15a d:/imt_avr_records/00-tools/05-toolchains/sdk_win_64/winavr/bin/../lib/gcc/avr/4.3.3/avr5\libgcc.a(_gt_sf.o)
 .debug_abbrev  0x000005bc      0x15a d:/imt_avr_records/00-tools/05-toolchains/sdk_win_64/winavr/bin/../lib/gcc/avr/4.3.3/avr5\libgcc.a(_ge_sf.o)
 .debug_abbrev  0x00000716      0x15a d:/imt_avr_records/00-tools/05-toolchains/sdk_win_64/winavr/bin/../lib/gcc/avr/4.3.3/avr5\libgcc.a(_lt_sf.o)
 .debug_abbrev  0x00000870      0x148 d:/imt_avr_records/00-tools/05-toolchains/sdk_win_64/winavr/bin/../lib/gcc/avr/4.3.3/avr5\libgcc.a(_si_to_sf.o)
 .debug_abbrev  0x000009b8      0x17f d:/imt_avr_records/00-tools/05-toolchains/sdk_win_64/winavr/bin/../lib/gcc/avr/4.3.3/avr5\libgcc.a(_sf_to_si.o)
 .debug_abbrev  0x00000b37       0xad d:/imt_avr_records/00-tools/05-toolchains/sdk_win_64/winavr/bin/../lib/gcc/avr/4.3.3/avr5\libgcc.a(_thenan_sf.o)
 .debug_abbrev  0x00000be4       0xc4 d:/imt_avr_records/00-tools/05-toolchains/sdk_win_64/winavr/bin/../lib/gcc/avr/4.3.3/avr5\libgcc.a(_clzsi2.o)
 .debug_abbrev  0x00000ca8      0x1c0 d:/imt_avr_records/00-tools/05-toolchains/sdk_win_64/winavr/bin/../lib/gcc/avr/4.3.3/avr5\libgcc.a(_pack_sf.o)
 .debug_abbrev  0x00000e68      0x154 d:/imt_avr_records/00-tools/05-toolchains/sdk_win_64/winavr/bin/../lib/gcc/avr/4.3.3/avr5\libgcc.a(_unpack_sf.o)
 .debug_abbrev  0x00000fbc      0x13b d:/imt_avr_records/00-tools/05-toolchains/sdk_win_64/winavr/bin/../lib/gcc/avr/4.3.3/avr5\libgcc.a(_fpcmp_parts_sf.o)
 .debug_abbrev  0x000010f7       0x6a d:/imt_avr_records/00-tools/05-toolchains/sdk_win_64/winavr/bin/../lib/gcc/avr/4.3.3/avr5\libgcc.a(_clz.o)

.debug_line     0x00000000     0x1003
 *(.debug_line)
 .debug_line    0x00000000       0xa7 d:/imt_avr_records/00-tools/05-toolchains/sdk_win_64/winavr/bin/../lib/gcc/avr/4.3.3/avr5\libgcc.a(_fixunssfsi.o)
 .debug_line    0x000000a7      0x2af d:/imt_avr_records/00-tools/05-toolchains/sdk_win_64/winavr/bin/../lib/gcc/avr/4.3.3/avr5\libgcc.a(_addsub_sf.o)
 .debug_line    0x00000356      0x239 d:/imt_avr_records/00-tools/05-toolchains/sdk_win_64/winavr/bin/../lib/gcc/avr/4.3.3/avr5\libgcc.a(_mul_sf.o)
 .debug_line    0x0000058f       0xd3 d:/imt_avr_records/00-tools/05-toolchains/sdk_win_64/winavr/bin/../lib/gcc/avr/4.3.3/avr5\libgcc.a(_gt_sf.o)
 .debug_line    0x00000662       0xd3 d:/imt_avr_records/00-tools/05-toolchains/sdk_win_64/winavr/bin/../lib/gcc/avr/4.3.3/avr5\libgcc.a(_ge_sf.o)
 .debug_line    0x00000735       0xd3 d:/imt_avr_records/00-tools/05-toolchains/sdk_win_64/winavr/bin/../lib/gcc/avr/4.3.3/avr5\libgcc.a(_lt_sf.o)
 .debug_line    0x00000808      0x135 d:/imt_avr_records/00-tools/05-toolchains/sdk_win_64/winavr/bin/../lib/gcc/avr/4.3.3/avr5\libgcc.a(_si_to_sf.o)
 .debug_line    0x0000093d      0x109 d:/imt_avr_records/00-tools/05-toolchains/sdk_win_64/winavr/bin/../lib/gcc/avr/4.3.3/avr5\libgcc.a(_sf_to_si.o)
 .debug_line    0x00000a46       0x90 d:/imt_avr_records/00-tools/05-toolchains/sdk_win_64/winavr/bin/../lib/gcc/avr/4.3.3/avr5\libgcc.a(_thenan_sf.o)
 .debug_line    0x00000ad6       0xa5 d:/imt_avr_records/00-tools/05-toolchains/sdk_win_64/winavr/bin/../lib/gcc/avr/4.3.3/avr5\libgcc.a(_clzsi2.o)
 .debug_line    0x00000b7b      0x18a d:/imt_avr_records/00-tools/05-toolchains/sdk_win_64/winavr/bin/../lib/gcc/avr/4.3.3/avr5\libgcc.a(_pack_sf.o)
 .debug_line    0x00000d05      0x14b d:/imt_avr_records/00-tools/05-toolchains/sdk_win_64/winavr/bin/../lib/gcc/avr/4.3.3/avr5\libgcc.a(_unpack_sf.o)
 .debug_line    0x00000e50      0x137 d:/imt_avr_records/00-tools/05-toolchains/sdk_win_64/winavr/bin/../lib/gcc/avr/4.3.3/avr5\libgcc.a(_fpcmp_parts_sf.o)
 .debug_line    0x00000f87       0x7c d:/imt_avr_records/00-tools/05-toolchains/sdk_win_64/winavr/bin/../lib/gcc/avr/4.3.3/avr5\libgcc.a(_clz.o)

.debug_frame    0x00000000      0x1a0
 *(.debug_frame)
 .debug_frame   0x00000000       0x20 d:/imt_avr_records/00-tools/05-toolchains/sdk_win_64/winavr/bin/../lib/gcc/avr/4.3.3/avr5\libgcc.a(_fixunssfsi.o)
 .debug_frame   0x00000020       0x40 d:/imt_avr_records/00-tools/05-toolchains/sdk_win_64/winavr/bin/../lib/gcc/avr/4.3.3/avr5\libgcc.a(_addsub_sf.o)
 .debug_frame   0x00000060       0x20 d:/imt_avr_records/00-tools/05-toolchains/sdk_win_64/winavr/bin/../lib/gcc/avr/4.3.3/avr5\libgcc.a(_mul_sf.o)
 .debug_frame   0x00000080       0x20 d:/imt_avr_records/00-tools/05-toolchains/sdk_win_64/winavr/bin/../lib/gcc/avr/4.3.3/avr5\libgcc.a(_gt_sf.o)
 .debug_frame   0x000000a0       0x20 d:/imt_avr_records/00-tools/05-toolchains/sdk_win_64/winavr/bin/../lib/gcc/avr/4.3.3/avr5\libgcc.a(_ge_sf.o)
 .debug_frame   0x000000c0       0x20 d:/imt_avr_records/00-tools/05-toolchains/sdk_win_64/winavr/bin/../lib/gcc/avr/4.3.3/avr5\libgcc.a(_lt_sf.o)
 .debug_frame   0x000000e0       0x20 d:/imt_avr_records/00-tools/05-toolchains/sdk_win_64/winavr/bin/../lib/gcc/avr/4.3.3/avr5\libgcc.a(_si_to_sf.o)
 .debug_frame   0x00000100       0x20 d:/imt_avr_records/00-tools/05-toolchains/sdk_win_64/winavr/bin/../lib/gcc/avr/4.3.3/avr5\libgcc.a(_sf_to_si.o)
 .debug_frame   0x00000120       0x20 d:/imt_avr_records/00-tools/05-toolchains/sdk_win_64/winavr/bin/../lib/gcc/avr/4.3.3/avr5\libgcc.a(_clzsi2.o)
 .debug_frame   0x00000140       0x20 d:/imt_avr_records/00-tools/05-toolchains/sdk_win_64/winavr/bin/../lib/gcc/avr/4.3.3/avr5\libgcc.a(_pack_sf.o)
 .debug_frame   0x00000160       0x20 d:/imt_avr_records/00-tools/05-toolchains/sdk_win_64/winavr/bin/../lib/gcc/avr/4.3.3/avr5\libgcc.a(_unpack_sf.o)
 .debug_frame   0x00000180       0x20 d:/imt_avr_records/00-tools/05-toolchains/sdk_win_64/winavr/bin/../lib/gcc/avr/4.3.3/avr5\libgcc.a(_fpcmp_parts_sf.o)

.debug_str      0x00000000      0x2be
 *(.debug_str)
 .debug_str     0x00000000       0xbf d:/imt_avr_records/00-tools/05-toolchains/sdk_win_64/winavr/bin/../lib/gcc/avr/4.3.3/avr5\libgcc.a(_fixunssfsi.o)
                                 0xfe (size before relaxing)
 .debug_str     0x000000bf      0x14d d:/imt_avr_records/00-tools/05-toolchains/sdk_win_64/winavr/bin/../lib/gcc/avr/4.3.3/avr5\libgcc.a(_addsub_sf.o)
                                0x206 (size before relaxing)
 .debug_str     0x0000020c       0x27 d:/imt_avr_records/00-tools/05-toolchains/sdk_win_64/winavr/bin/../lib/gcc/avr/4.3.3/avr5\libgcc.a(_mul_sf.o)
                                0x1bf (size before relaxing)
 .debug_str     0x00000233        0x8 d:/imt_avr_records/00-tools/05-toolchains/sdk_win_64/winavr/bin/../lib/gcc/avr/4.3.3/avr5\libgcc.a(_gt_sf.o)
                                0x195 (size before relaxing)
 .debug_str     0x0000023b        0x8 d:/imt_avr_records/00-tools/05-toolchains/sdk_win_64/winavr/bin/../lib/gcc/avr/4.3.3/avr5\libgcc.a(_ge_sf.o)
                                0x195 (size before relaxing)
 .debug_str     0x00000243        0x8 d:/imt_avr_records/00-tools/05-toolchains/sdk_win_64/winavr/bin/../lib/gcc/avr/4.3.3/avr5\libgcc.a(_lt_sf.o)
                                0x195 (size before relaxing)
 .debug_str     0x0000024b       0x1e d:/imt_avr_records/00-tools/05-toolchains/sdk_win_64/winavr/bin/../lib/gcc/avr/4.3.3/avr5\libgcc.a(_si_to_sf.o)
                                0x17b (size before relaxing)
 .debug_str     0x00000269        0xa d:/imt_avr_records/00-tools/05-toolchains/sdk_win_64/winavr/bin/../lib/gcc/avr/4.3.3/avr5\libgcc.a(_sf_to_si.o)
                                0x19e (size before relaxing)
 .debug_str     0x00000000      0x103 d:/imt_avr_records/00-tools/05-toolchains/sdk_win_64/winavr/bin/../lib/gcc/avr/4.3.3/avr5\libgcc.a(_thenan_sf.o)
 .debug_str     0x00000273       0x20 d:/imt_avr_records/00-tools/05-toolchains/sdk_win_64/winavr/bin/../lib/gcc/avr/4.3.3/avr5\libgcc.a(_clzsi2.o)
                                0x111 (size before relaxing)
 .debug_str     0x00000293       0x10 d:/imt_avr_records/00-tools/05-toolchains/sdk_win_64/winavr/bin/../lib/gcc/avr/4.3.3/avr5\libgcc.a(_pack_sf.o)
                                0x19d (size before relaxing)
 .debug_str     0x000002a3        0xb d:/imt_avr_records/00-tools/05-toolchains/sdk_win_64/winavr/bin/../lib/gcc/avr/4.3.3/avr5\libgcc.a(_unpack_sf.o)
                                0x17f (size before relaxing)
 .debug_str     0x000002ae       0x10 d:/imt_avr_records/00-tools/05-toolchains/sdk_win_64/winavr/bin/../lib/gcc/avr/4.3.3/avr5\libgcc.a(_fpcmp_parts_sf.o)
                                0x163 (size before relaxing)
 .debug_str     0x00000000       0xf4 d:/imt_avr_records/00-tools/05-toolchains/sdk_win_64/winavr/bin/../lib/gcc/avr/4.3.3/avr5\libgcc.a(_clz.o)

.debug_loc      0x00000000      0x90e
 *(.debug_loc)
 .debug_loc     0x00000000       0x34 d:/imt_avr_records/00-tools/05-toolchains/sdk_win_64/winavr/bin/../lib/gcc/avr/4.3.3/avr5\libgcc.a(_fixunssfsi.o)
 .debug_loc     0x00000034      0x32a d:/imt_avr_records/00-tools/05-toolchains/sdk_win_64/winavr/bin/../lib/gcc/avr/4.3.3/avr5\libgcc.a(_addsub_sf.o)
 .debug_loc     0x0000035e      0x104 d:/imt_avr_records/00-tools/05-toolchains/sdk_win_64/winavr/bin/../lib/gcc/avr/4.3.3/avr5\libgcc.a(_mul_sf.o)
 .debug_loc     0x00000462       0x3c d:/imt_avr_records/00-tools/05-toolchains/sdk_win_64/winavr/bin/../lib/gcc/avr/4.3.3/avr5\libgcc.a(_gt_sf.o)
 .debug_loc     0x0000049e       0x3c d:/imt_avr_records/00-tools/05-toolchains/sdk_win_64/winavr/bin/../lib/gcc/avr/4.3.3/avr5\libgcc.a(_ge_sf.o)
 .debug_loc     0x000004da       0x3c d:/imt_avr_records/00-tools/05-toolchains/sdk_win_64/winavr/bin/../lib/gcc/avr/4.3.3/avr5\libgcc.a(_lt_sf.o)
 .debug_loc     0x00000516       0xac d:/imt_avr_records/00-tools/05-toolchains/sdk_win_64/winavr/bin/../lib/gcc/avr/4.3.3/avr5\libgcc.a(_si_to_sf.o)
 .debug_loc     0x000005c2       0x7e d:/imt_avr_records/00-tools/05-toolchains/sdk_win_64/winavr/bin/../lib/gcc/avr/4.3.3/avr5\libgcc.a(_sf_to_si.o)
 .debug_loc     0x00000640       0x94 d:/imt_avr_records/00-tools/05-toolchains/sdk_win_64/winavr/bin/../lib/gcc/avr/4.3.3/avr5\libgcc.a(_clzsi2.o)
 .debug_loc     0x000006d4      0x13e d:/imt_avr_records/00-tools/05-toolchains/sdk_win_64/winavr/bin/../lib/gcc/avr/4.3.3/avr5\libgcc.a(_pack_sf.o)
 .debug_loc     0x00000812       0xac d:/imt_avr_records/00-tools/05-toolchains/sdk_win_64/winavr/bin/../lib/gcc/avr/4.3.3/avr5\libgcc.a(_unpack_sf.o)
 .debug_loc     0x000008be       0x50 d:/imt_avr_records/00-tools/05-toolchains/sdk_win_64/winavr/bin/../lib/gcc/avr/4.3.3/avr5\libgcc.a(_fpcmp_parts_sf.o)

.debug_macinfo
 *(.debug_macinfo)
OUTPUT(DIO_Driver.elf elf32-avr)
LOAD linker stubs

.debug_ranges   0x00000000       0x50
 .debug_ranges  0x00000000       0x50 d:/imt_avr_records/00-tools/05-toolchains/sdk_win_64/winavr/bin/../lib/gcc/avr/4.3.3/avr5\libgcc.a(_mul_sf.o)
